1. Creating pool
2. Opening pool
3. Creating Steward wallet and DID
4. Creating Endorser wallet, DID, and storing it in the ledger
...Endorser DID: NKGKtcNwssToP5f7uhsEs4
5. Creating user wallet, DID, storing it in the ledger, and creating master secret key
6. Creating credential schema and storing it the ledger
...cred_schema_id = NKGKtcNwssToP5f7uhsEs4:2:Grant:1.0
...cred_schema = {"ver":"1.0","id":"NKGKtcNwssToP5f7uhsEs4:2:Grant:1.0","name":"Grant","version":"1.0","attrNames":["operations","resources"],"seqNo":null}
7. Creating credential
...cred_def_id = NKGKtcNwssToP5f7uhsEs4:3:CL:NKGKtcNwssToP5f7uhsEs4:2:Grant:1.0:TAG1
...cred_def = {"ver":"1.0","id":"NKGKtcNwssToP5f7uhsEs4:3:CL:NKGKtcNwssToP5f7uhsEs4:2:Grant:1.0:TAG1","schemaId":"NKGKtcNwssToP5f7uhsEs4:2:Grant:1.0","type":"CL","tag":"TAG1","value":{"primary":{"n":"95828600223197415539282438070064577436514644855924774559746611261443071403464948776246836813295046796192117442880280196492684509498236996874767566384557154227366661747150131130952280875337243832161767882956000980192760491115933791518186818255687369954946690003586086603102659290827455636154574896207715068907704852488419087270043483515119788130920716447358364005627838650918446741469368390405377828074712345675324967983308246286349336171852103755042937406184728404772076515940159917588977858502865360623607487412497959426405894443648129123608180641518528491911116508214862551687126279027152089595865896342021175809417","s":"16720624018481283122200276071300063978049320080410338260637729774438252652541140086686925789959582750287085402522920569276442588117369058596356759903529439659740398399859343771323048518211530474943541874552071925532543035269756682803129444736920188975595509659690210119496772066912159481640099887624853193325716310344272268784575834947116168259937282781475178044614933451038242258844111302272062277671874994704897509398362196725425725987024710398878177139149366963182622226223867678297618645338950598946369835738222605869362394633925398853400749176772534541589487513694042200355898130208153823351063953618898830515310","r":{"operations":"81771837969946302806921039467463542488444181841118973517158175041931436378837963312880786648630094041970985041849222479829744076154685253817821360201357433056802607923435265496772828399684315822348772086343922656049005074839651530133306234680458390048321877426846196597462037820223544660331607389661708619143564753519916157959573901787836687455448638894277088710460638827680087147415540317261554425958340094499307307367932023929968284727274256069927836549975780778459539007995068885415448020559911392180316373979849153363584057700610284405721755064983882477249733832490439220678413627863632051877722491658878680626309","master_secret":"1792417418869263985457513471638034084893457990492447667791029015362585461934479240177988457379182126711154187989664205461665946545270201234480385750115989121324331948800492711236783979095819209318083541023428358816362240971511612090858811099885416210789785426135721863862456767252404824649674978745975218557102788447869633041027386401080991677007488613461895833930359955838517000806144078234746291480406541515059310662517423376777692569832463246226353658228725987936919144376409928002786622993455307849371346366780127700268463135604646834112626718261321481794752981647014943880322870187499003590855872806371617772131","resources":"54817195083773132342128963298275902804293852380565947863190552977407815916488821456799288157395118750718207511617158103524039689437851114945010483574506229890095600760459965196360892022284100911933310464193956640953567660127736001149519186053846156902209322468233324011922370360408092332615386135649925393313569977274024556030056672510814952490040253657349715779650938983327665384461435487360492483681029162138879687481242031721581718267036917104461743550847351872337891751658622482796044789476177780690850371157169411010015560537982563361660284815627046913457835418762841033936891568715082422839039076141599385332268"},"rctxt":"41144677408193711853808357429625967995490024200330287277111701786003296814854306015365501304462045867759791182472631192445916791142762906537418508939859584543900940886661059003180701124985101014967089347021369586358154677622802735721158173162329771962002001861007712042620985649122072780644641234642423521862408263167157781982323612551590491510349351414350135628863296085349197181678903847387077949241181404598886393832012639697157744064100973163697259121308957146284805761999036331570730879222679912345899155525369620259296945218394847632137678261776272081716877158903124290858469361466135548106707768701653567876412","z":"59940278295382113559210441067450057003905958865757325269770961807290888597257497975600644451427520068479675622974116049831627282847405978461402589976093899333342526410843997072973602593440310887436269211280849426347399063439303029609460181237619193494016192698601959500850798339783980104306300465880507279132635848812867015808088395257044192714031983632294510834984198725233791563643005180682193174835638835985428646951203230987369859581969299178406380638616214537411479252384406935581855338606781259302550653686716491894535505028523102765122414725953856966742474540368661605014874961758820545941163777560828054446473"}}}
8. Creating credential offer
...cred_offer = {"schema_id":"NKGKtcNwssToP5f7uhsEs4:2:Grant:1.0","cred_def_id":"NKGKtcNwssToP5f7uhsEs4:3:CL:NKGKtcNwssToP5f7uhsEs4:2:Grant:1.0:TAG1","key_correctness_proof":{"c":"115057831393452873368519676268307039911902756343110615903150642810313611642203","xz_cap":"382551934225297506788027961051260798871260516441979810997290735291695860716901804232810757700026081367386262203074495763430270920237444798048007000973124355784025269960425906929150289089319954534304982449671462825842404121665110148871011398775030153146847200068997742351457350944667053497396344679409291827510798211245831526949949062892022896893743520900285547994530888133036815934411928574398871240456800916830009453187485701461135819614823513732493763216837297476345350550920349039298301647665243385906065075861976843267079681790794234979049569432108470188663726103856583692026416139887114396762383533414391330475072296198572468204753312371775158074562236881779503626921415585938046580901150","xr_cap":[["master_secret","1895473856436998972508797211299577023906331280714839647927874922063412867188765069108688622721914548291719077102568828372821226430761047340839086543172180607598304785188733885279762692554892682985125192566204311873490541492920828160808712809255321141218384674278667140445134983586375041493897981818115433864592485597017631934908901283277206695942836423853954532979311071564793076994746479544059853156031458568458212327553597532129233407932290030100993154215230426789865252097752217137667899391808340684764567528620319369915053891178229533804941087131978529303432111529132631009315755067124897291384797452599498973722051672890666259676933834956381126541954620877557010465762404388120276431459578"],["operations","557967362391271287036016919367591666105088741590585098273884506513861436302120531582924227492380431923418533916505703981452545517389306190935323607725717299877501704869198880442431956275192478278889595669704446861881216268426738606488555347722809581991543458372627289204147303459667475055028735106940842511469241022671827125293659277824924057722724820139923177443095524877615846294889072380254146209619850238281241268915258221193935474992855366444941239075297864097707908227506256644641800529355973564374235090169448925163645488324872208673777930344930157999760035391231784798983722482593822238504228644085297238296135294714512755788010514809947002792705326316596574957033199656010273661559909"],["resources","634122612105608845158192001915521013702431795224688347965766940549842268605338636613170269287200070209840148742773071983870678343396622528224237812310673797852331186076701651934993642693688095192744706231832402262044739318737592753450457344081039678465038192908035239764229620891031761795025861804152647435826599429022796460928129108228930822236471414298824524882746558638775609675224848971117476491380829522590989663184272692261341676592890332731607195701653810202742472825368256442280085322207404247753427834749131057112143897470573408117793867791972129178648458959737751620582646894828472736266920526494969244357432649980111270726285445674928087385877957846059298881153368289079132974843637"]]},"nonce":"661999249046885822585097"}
9. Creating credential request
10.Issuing credential and storing them in user wallet
11. Creating server wallet
12. Storing user verkey in server's wallet
Cleaning up
Creating client configuration file
